../Core/Src/lcd16x2_i2c.c:49:13:lcd16x2_i2c_sendCommand	32	static
../Core/Src/lcd16x2_i2c.c:63:13:lcd16x2_i2c_sendData	32	static
../Core/Src/lcd16x2_i2c.c:82:6:lcd16x2_i2c_init	16	static
../Core/Src/lcd16x2_i2c.c:133:6:lcd16x2_i2c_setCursor	24	static
../Core/Src/lcd16x2_i2c.c:152:6:lcd16x2_i2c_1stLine	8	static
../Core/Src/lcd16x2_i2c.c:159:6:lcd16x2_i2c_2ndLine	8	static
../Core/Src/lcd16x2_i2c.c:167:6:lcd16x2_i2c_TwoLines	8	static
../Core/Src/lcd16x2_i2c.c:171:6:lcd16x2_i2c_OneLine	8	static
../Core/Src/lcd16x2_i2c.c:179:6:lcd16x2_i2c_cursorShow	16	static
../Core/Src/lcd16x2_i2c.c:194:6:lcd16x2_i2c_clear	8	static
../Core/Src/lcd16x2_i2c.c:203:6:lcd16x2_i2c_display	16	static
../Core/Src/lcd16x2_i2c.c:218:6:lcd16x2_i2c_shiftRight	24	static
../Core/Src/lcd16x2_i2c.c:229:6:lcd16x2_i2c_shiftLeft	24	static
../Core/Src/lcd16x2_i2c.c:240:6:lcd16x2_i2c_printf	48	static
