../Core/Src/main.c:78:6:Ultrasonic_distance	8	static
../Core/Src/main.c:89:6:HAL_TIM_IC_CaptureCallback	16	static
../Core/Src/main.c:126:6:HAL_GPIO_EXTI_Callback	16	static
../Core/Src/main.c:132:6:Normal_GreenLED	8	static
../Core/Src/main.c:140:6:Goslow_YelloLED	8	static
../Core/Src/main.c:148:6:Alert_RedLED	8	static
../Core/Src/main.c:156:6:Accident_Alarm	8	static
../Core/Src/main.c:171:5:main	104	static
../Core/Src/main.c:276:6:SystemClock_Config	88	static
../Core/Src/main.c:323:13:MX_I2C1_Init	8	static
../Core/Src/main.c:357:13:MX_TIM4_Init	48	static
../Core/Src/main.c:415:13:MX_USART2_UART_Init	8	static
../Core/Src/main.c:448:13:MX_GPIO_Init	40	static
../Core/Src/main.c:497:6:Error_Handler	4	static,ignoring_inline_asm
